Started GET "/" for 127.0.0.1 at 2025-05-15 10:45:30 +0700
  
ActiveRecord::NoDatabaseError (We could not find your database: demo_project_trang_development. Available database configurations can be found in config/database.yml.

To resolve this error:

- Did you not create the database, or did you delete it? To create the database, run:

    bin/rails db:create

- Has the database name changed? Verify that config/database.yml contains the correct database name.
)
Caused by: PG::ConnectionBad (connection to server on socket "/var/run/postgresql/.s.PGSQL.5432" failed: FATAL:  database "demo_project_trang_development" does not exist
)

Information for: ActiveRecord::NoDatabaseError (We could not find your database: demo_project_trang_development. Available database configurations can be found in config/database.yml.

To resolve this error:

- Did you not create the database, or did you delete it? To create the database, run:

    bin/rails db:create

- Has the database name changed? Verify that config/database.yml contains the correct database name.
):
  
activerecord (8.0.2) lib/active_record/connection_adapters/postgresql_adapter.rb:63:in `rescue in new_client'
activerecord (8.0.2) lib/active_record/connection_adapters/postgresql_adapter.rb:57:in `new_client'
activerecord (8.0.2) lib/active_record/connection_adapters/postgresql_adapter.rb:939:in `connect'
activerecord (8.0.2) lib/active_record/connection_adapters/postgresql_adapter.rb:951:in `reconnect'
activerecord (8.0.2) lib/active_record/connection_adapters/abstract_adapter.rb:667:in `block in reconnect!'
activesupport (8.0.2) lib/active_support/concurrency/null_lock.rb:9:in `synchronize'
activerecord (8.0.2) lib/active_record/connection_adapters/abstract_adapter.rb:666:in `reconnect!'
activerecord (8.0.2) lib/active_record/connection_adapters/abstract_adapter.rb:771:in `block in verify!'
activesupport (8.0.2) lib/active_support/concurrency/null_lock.rb:9:in `synchronize'
activerecord (8.0.2) lib/active_record/connection_adapters/abstract_adapter.rb:761:in `verify!'
activerecord (8.0.2) lib/active_record/connection_adapters/abstract_adapter.rb:779:in `connect!'
activerecord (8.0.2) lib/active_record/connection_adapters/abstract_adapter.rb:985:in `block in with_raw_connection'
activesupport (8.0.2) lib/active_support/concurrency/null_lock.rb:9:in `synchronize'
activerecord (8.0.2) lib/active_record/connection_adapters/abstract_adapter.rb:984:in `with_raw_connection'
activerecord (8.0.2) lib/active_record/connection_adapters/postgresql/quoting.rb:128:in `quote_string'
activerecord (8.0.2) lib/active_record/connection_adapters/abstract/quoting.rb:76:in `quote'
activerecord (8.0.2) lib/active_record/connection_adapters/postgresql/quoting.rb:122:in `quote'
activerecord (8.0.2) lib/active_record/connection_adapters/postgresql/schema_statements.rb:1142:in `quoted_scope'
activerecord (8.0.2) lib/active_record/connection_adapters/postgresql/schema_statements.rb:1119:in `data_source_sql'
activerecord (8.0.2) lib/active_record/connection_adapters/abstract/schema_statements.rb:60:in `table_exists?'
activerecord (8.0.2) lib/active_record/schema_migration.rb:55:in `block in create_table'
activerecord (8.0.2) lib/active_record/connection_adapters/abstract/connection_pool.rb:418:in `with_connection'
activerecord (8.0.2) lib/active_record/schema_migration.rb:54:in `create_table'
activerecord (8.0.2) lib/active_record/migration.rb:1431:in `initialize'
activerecord (8.0.2) lib/active_record/migration.rb:1279:in `new'
activerecord (8.0.2) lib/active_record/migration.rb:1279:in `open'
activerecord (8.0.2) lib/active_record/migration.rb:763:in `block (2 levels) in pending_migrations'
activerecord (8.0.2) lib/active_record/migration/pending_migration_connection.rb:8:in `with_temporary_pool'
activerecord (8.0.2) lib/active_record/migration.rb:762:in `block in pending_migrations'
activerecord (8.0.2) lib/active_record/migration.rb:761:in `each'
activerecord (8.0.2) lib/active_record/migration.rb:761:in `pending_migrations'
activerecord (8.0.2) lib/active_record/migration.rb:740:in `check_pending_migrations'
activerecord (8.0.2) lib/active_record/migration.rb:660:in `block (2 levels) in call'
activesupport (8.0.2) lib/active_support/file_update_checker.rb:85:in `execute'
activerecord (8.0.2) lib/active_record/migration.rb:665:in `block in call'
activerecord (8.0.2) lib/active_record/migration.rb:657:in `synchronize'
activerecord (8.0.2) lib/active_record/migration.rb:657:in `call'
actionpack (8.0.2) lib/action_dispatch/middleware/callbacks.rb:31:in `block in call'
activesupport (8.0.2) lib/active_support/callbacks.rb:100:in `run_callbacks'
actionpack (8.0.2) lib/action_dispatch/middleware/callbacks.rb:30:in `call'
actionpack (8.0.2) lib/action_dispatch/middleware/executor.rb:16:in `call'
actionpack (8.0.2) lib/action_dispatch/middleware/actionable_exceptions.rb:18:in `call'
actionpack (8.0.2) lib/action_dispatch/middleware/debug_exceptions.rb:31:in `call'
web-console (4.2.1) lib/web_console/middleware.rb:132:in `call_app'
web-console (4.2.1) lib/web_console/middleware.rb:28:in `block in call'
web-console (4.2.1) lib/web_console/middleware.rb:17:in `catch'
web-console (4.2.1) lib/web_console/middleware.rb:17:in `call'
actionpack (8.0.2) lib/action_dispatch/middleware/show_exceptions.rb:32:in `call'
railties (8.0.2) lib/rails/rack/logger.rb:41:in `call_app'
railties (8.0.2) lib/rails/rack/logger.rb:29:in `call'
actionpack (8.0.2) lib/action_dispatch/middleware/remote_ip.rb:96:in `call'
actionpack (8.0.2) lib/action_dispatch/middleware/request_id.rb:34:in `call'
rack (3.1.14) lib/rack/method_override.rb:28:in `call'
rack (3.1.14) lib/rack/runtime.rb:24:in `call'
actionpack (8.0.2) lib/action_dispatch/middleware/server_timing.rb:61:in `block in call'
actionpack (8.0.2) lib/action_dispatch/middleware/server_timing.rb:26:in `collect_events'
actionpack (8.0.2) lib/action_dispatch/middleware/server_timing.rb:60:in `call'
actionpack (8.0.2) lib/action_dispatch/middleware/executor.rb:16:in `call'
actionpack (8.0.2) lib/action_dispatch/middleware/static.rb:27:in `call'
rack (3.1.14) lib/rack/sendfile.rb:114:in `call'
actionpack (8.0.2) lib/action_dispatch/middleware/host_authorization.rb:143:in `call'
railties (8.0.2) lib/rails/engine.rb:535:in `call'
puma (6.6.0) lib/puma/configuration.rb:279:in `call'
puma (6.6.0) lib/puma/request.rb:99:in `block in handle_request'
puma (6.6.0) lib/puma/thread_pool.rb:390:in `with_force_shutdown'
puma (6.6.0) lib/puma/request.rb:98:in `handle_request'
puma (6.6.0) lib/puma/server.rb:472:in `process_client'
puma (6.6.0) lib/puma/server.rb:254:in `block in run'
puma (6.6.0) lib/puma/thread_pool.rb:167:in `block in spawn_thread'

Information for cause: PG::ConnectionBad (connection to server on socket "/var/run/postgresql/.s.PGSQL.5432" failed: FATAL:  database "demo_project_trang_development" does not exist
):
  
pg (1.5.9) lib/pg/connection.rb:709:in `async_connect_or_reset'
pg (1.5.9) lib/pg/connection.rb:844:in `connect_to_hosts'
pg (1.5.9) lib/pg/connection.rb:772:in `new'
pg (1.5.9) lib/pg.rb:63:in `connect'
activerecord (8.0.2) lib/active_record/connection_adapters/postgresql_adapter.rb:58:in `new_client'
activerecord (8.0.2) lib/active_record/connection_adapters/postgresql_adapter.rb:939:in `connect'
activerecord (8.0.2) lib/active_record/connection_adapters/postgresql_adapter.rb:951:in `reconnect'
activerecord (8.0.2) lib/active_record/connection_adapters/abstract_adapter.rb:667:in `block in reconnect!'
activesupport (8.0.2) lib/active_support/concurrency/null_lock.rb:9:in `synchronize'
activerecord (8.0.2) lib/active_record/connection_adapters/abstract_adapter.rb:666:in `reconnect!'
activerecord (8.0.2) lib/active_record/connection_adapters/abstract_adapter.rb:771:in `block in verify!'
activesupport (8.0.2) lib/active_support/concurrency/null_lock.rb:9:in `synchronize'
activerecord (8.0.2) lib/active_record/connection_adapters/abstract_adapter.rb:761:in `verify!'
activerecord (8.0.2) lib/active_record/connection_adapters/abstract_adapter.rb:779:in `connect!'
activerecord (8.0.2) lib/active_record/connection_adapters/abstract_adapter.rb:985:in `block in with_raw_connection'
activesupport (8.0.2) lib/active_support/concurrency/null_lock.rb:9:in `synchronize'
activerecord (8.0.2) lib/active_record/connection_adapters/abstract_adapter.rb:984:in `with_raw_connection'
activerecord (8.0.2) lib/active_record/connection_adapters/postgresql/quoting.rb:128:in `quote_string'
activerecord (8.0.2) lib/active_record/connection_adapters/abstract/quoting.rb:76:in `quote'
activerecord (8.0.2) lib/active_record/connection_adapters/postgresql/quoting.rb:122:in `quote'
activerecord (8.0.2) lib/active_record/connection_adapters/postgresql/schema_statements.rb:1142:in `quoted_scope'
activerecord (8.0.2) lib/active_record/connection_adapters/postgresql/schema_statements.rb:1119:in `data_source_sql'
activerecord (8.0.2) lib/active_record/connection_adapters/abstract/schema_statements.rb:60:in `table_exists?'
activerecord (8.0.2) lib/active_record/schema_migration.rb:55:in `block in create_table'
activerecord (8.0.2) lib/active_record/connection_adapters/abstract/connection_pool.rb:418:in `with_connection'
activerecord (8.0.2) lib/active_record/schema_migration.rb:54:in `create_table'
activerecord (8.0.2) lib/active_record/migration.rb:1431:in `initialize'
activerecord (8.0.2) lib/active_record/migration.rb:1279:in `new'
activerecord (8.0.2) lib/active_record/migration.rb:1279:in `open'
activerecord (8.0.2) lib/active_record/migration.rb:763:in `block (2 levels) in pending_migrations'
activerecord (8.0.2) lib/active_record/migration/pending_migration_connection.rb:8:in `with_temporary_pool'
activerecord (8.0.2) lib/active_record/migration.rb:762:in `block in pending_migrations'
activerecord (8.0.2) lib/active_record/migration.rb:761:in `each'
activerecord (8.0.2) lib/active_record/migration.rb:761:in `pending_migrations'
activerecord (8.0.2) lib/active_record/migration.rb:740:in `check_pending_migrations'
activerecord (8.0.2) lib/active_record/migration.rb:660:in `block (2 levels) in call'
activesupport (8.0.2) lib/active_support/file_update_checker.rb:85:in `execute'
activerecord (8.0.2) lib/active_record/migration.rb:665:in `block in call'
activerecord (8.0.2) lib/active_record/migration.rb:657:in `synchronize'
activerecord (8.0.2) lib/active_record/migration.rb:657:in `call'
actionpack (8.0.2) lib/action_dispatch/middleware/callbacks.rb:31:in `block in call'
activesupport (8.0.2) lib/active_support/callbacks.rb:100:in `run_callbacks'
actionpack (8.0.2) lib/action_dispatch/middleware/callbacks.rb:30:in `call'
actionpack (8.0.2) lib/action_dispatch/middleware/executor.rb:16:in `call'
actionpack (8.0.2) lib/action_dispatch/middleware/actionable_exceptions.rb:18:in `call'
actionpack (8.0.2) lib/action_dispatch/middleware/debug_exceptions.rb:31:in `call'
web-console (4.2.1) lib/web_console/middleware.rb:132:in `call_app'
web-console (4.2.1) lib/web_console/middleware.rb:28:in `block in call'
web-console (4.2.1) lib/web_console/middleware.rb:17:in `catch'
web-console (4.2.1) lib/web_console/middleware.rb:17:in `call'
actionpack (8.0.2) lib/action_dispatch/middleware/show_exceptions.rb:32:in `call'
railties (8.0.2) lib/rails/rack/logger.rb:41:in `call_app'
railties (8.0.2) lib/rails/rack/logger.rb:29:in `call'
actionpack (8.0.2) lib/action_dispatch/middleware/remote_ip.rb:96:in `call'
actionpack (8.0.2) lib/action_dispatch/middleware/request_id.rb:34:in `call'
rack (3.1.14) lib/rack/method_override.rb:28:in `call'
rack (3.1.14) lib/rack/runtime.rb:24:in `call'
actionpack (8.0.2) lib/action_dispatch/middleware/server_timing.rb:61:in `block in call'
actionpack (8.0.2) lib/action_dispatch/middleware/server_timing.rb:26:in `collect_events'
actionpack (8.0.2) lib/action_dispatch/middleware/server_timing.rb:60:in `call'
actionpack (8.0.2) lib/action_dispatch/middleware/executor.rb:16:in `call'
actionpack (8.0.2) lib/action_dispatch/middleware/static.rb:27:in `call'
rack (3.1.14) lib/rack/sendfile.rb:114:in `call'
actionpack (8.0.2) lib/action_dispatch/middleware/host_authorization.rb:143:in `call'
railties (8.0.2) lib/rails/engine.rb:535:in `call'
puma (6.6.0) lib/puma/configuration.rb:279:in `call'
puma (6.6.0) lib/puma/request.rb:99:in `block in handle_request'
puma (6.6.0) lib/puma/thread_pool.rb:390:in `with_force_shutdown'
puma (6.6.0) lib/puma/request.rb:98:in `handle_request'
puma (6.6.0) lib/puma/server.rb:472:in `process_client'
puma (6.6.0) lib/puma/server.rb:254:in `block in run'
puma (6.6.0) lib/puma/thread_pool.rb:167:in `block in spawn_thread'
  [1m[35mSQL (0.3ms)[0m  [1m[35mSET search_path TO public /*application='DemoProjectTrang'*/[0m
  [1m[35m (151.9ms)[0m  [1m[35mCREATE DATABASE "demo_project_trang_development" ENCODING = 'unicode' /*application='DemoProjectTrang'*/[0m
  [1m[35mSQL (0.1ms)[0m  [1m[35mSET search_path TO public /*application='DemoProjectTrang'*/[0m
  [1m[35m (43.8ms)[0m  [1m[35mCREATE DATABASE "demo_project_trang_test" ENCODING = 'unicode' /*application='DemoProjectTrang'*/[0m
Started GET "/" for 127.0.0.1 at 2025-05-15 10:46:10 +0700
  [1m[35m (14.2ms)[0m  [1m[35mCREATE TABLE "schema_migrations" ("version" character varying NOT NULL PRIMARY KEY) /*application='DemoProjectTrang'*/[0m
  [1m[35m (2.8ms)[0m  [1m[35mCREATE TABLE "ar_internal_metadata" ("key" character varying NOT NULL PRIMARY KEY, "value" character varying, "created_at" timestamp(6) NOT NULL, "updated_at" timestamp(6) NOT NULL) /*application='DemoProjectTrang'*/[0m
  [1m[36mActiveRecord::SchemaMigration Load (0.4ms)[0m  [1m[34mSELECT "schema_migrations"."version" FROM "schema_migrations" ORDER BY "schema_migrations"."version" ASC /*application='DemoProjectTrang'*/[0m
Processing by Rails::WelcomeController#index as HTML
  Rendering /home/trantuanhung/.rbenv/versions/3.2.0/lib/ruby/gems/3.2.0/gems/railties-8.0.2/lib/rails/templates/rails/welcome/index.html.erb
  Rendered /home/trantuanhung/.rbenv/versions/3.2.0/lib/ruby/gems/3.2.0/gems/railties-8.0.2/lib/rails/templates/rails/welcome/index.html.erb (Duration: 0.4ms | GC: 0.0ms)
Completed 200 OK in 14ms (Views: 1.2ms | ActiveRecord: 0.0ms (0 queries, 0 cached) | GC: 0.0ms)


Started GET "/" for 127.0.0.1 at 2025-05-15 11:18:13 +0700
  [1m[36mActiveRecord::SchemaMigration Load (0.4ms)[0m  [1m[34mSELECT "schema_migrations"."version" FROM "schema_migrations" ORDER BY "schema_migrations"."version" ASC /*application='DemoProjectTrang'*/[0m
Processing by Rails::WelcomeController#index as HTML
  Rendering /home/trantuanhung/.rbenv/versions/3.2.0/lib/ruby/gems/3.2.0/gems/railties-8.0.2/lib/rails/templates/rails/welcome/index.html.erb
  Rendered /home/trantuanhung/.rbenv/versions/3.2.0/lib/ruby/gems/3.2.0/gems/railties-8.0.2/lib/rails/templates/rails/welcome/index.html.erb (Duration: 0.7ms | GC: 0.0ms)
Completed 200 OK in 16ms (Views: 2.4ms | ActiveRecord: 0.0ms (0 queries, 0 cached) | GC: 0.0ms)


  [1m[36mActiveRecord::SchemaMigration Load (0.8ms)[0m  [1m[34mSELECT "schema_migrations"."version" FROM "schema_migrations" ORDER BY "schema_migrations"."version" ASC /*application='DemoProjectTrang'*/[0m
  [1m[36mActiveRecord::SchemaMigration Load (0.5ms)[0m  [1m[34mSELECT "schema_migrations"."version" FROM "schema_migrations" ORDER BY "schema_migrations"."version" ASC /*application='DemoProjectTrang'*/[0m
  [1m[36mActiveRecord::SchemaMigration Load (0.4ms)[0m  [1m[34mSELECT "schema_migrations"."version" FROM "schema_migrations" ORDER BY "schema_migrations"."version" ASC /*application='DemoProjectTrang'*/[0m
Started GET "/" for 127.0.0.1 at 2025-05-15 11:29:42 +0700
  [1m[36mActiveRecord::SchemaMigration Load (0.4ms)[0m  [1m[34mSELECT "schema_migrations"."version" FROM "schema_migrations" ORDER BY "schema_migrations"."version" ASC /*application='DemoProjectTrang'*/[0m
Processing by Rails::WelcomeController#index as HTML
  Rendering /home/trantuanhung/.rbenv/versions/3.2.0/lib/ruby/gems/3.2.0/gems/railties-8.0.2/lib/rails/templates/rails/welcome/index.html.erb
  Rendered /home/trantuanhung/.rbenv/versions/3.2.0/lib/ruby/gems/3.2.0/gems/railties-8.0.2/lib/rails/templates/rails/welcome/index.html.erb (Duration: 2.4ms | GC: 0.0ms)
Completed 200 OK in 26ms (Views: 5.7ms | ActiveRecord: 0.0ms (0 queries, 0 cached) | GC: 0.0ms)


  [1m[36mCACHE ActiveRecord::SchemaMigration Load (0.1ms)[0m  [1m[34mSELECT "schema_migrations"."version" FROM "schema_migrations" ORDER BY "schema_migrations"."version" ASC[0m
  [1m[36mCACHE ActiveRecord::SchemaMigration Load (0.0ms)[0m  [1m[34mSELECT "schema_migrations"."version" FROM "schema_migrations" ORDER BY "schema_migrations"."version" ASC[0m
  [1m[36mCACHE ActiveRecord::SchemaMigration Load (0.0ms)[0m  [1m[34mSELECT "schema_migrations"."version" FROM "schema_migrations" ORDER BY "schema_migrations"."version" ASC[0m
  [1m[35m (0.1ms)[0m  [1m[34mSELECT pg_try_advisory_lock(2820803448817413150) /*application='DemoProjectTrang'*/[0m
  [1m[36mActiveRecord::SchemaMigration Load (0.3ms)[0m  [1m[34mSELECT "schema_migrations"."version" FROM "schema_migrations" ORDER BY "schema_migrations"."version" ASC /*application='DemoProjectTrang'*/[0m
  [1m[36mActiveRecord::InternalMetadata Load (12.9ms)[0m  [1m[34mSELECT * FROM "ar_internal_metadata" WHERE "ar_internal_metadata"."key" = 'environment' ORDER BY "ar_internal_metadata"."key" ASC LIMIT 1 /*application='DemoProjectTrang'*/[0m
  [1m[36mActiveRecord::InternalMetadata Create (1.7ms)[0m  [1m[32mINSERT INTO "ar_internal_metadata" ("key", "value", "created_at", "updated_at") VALUES ('environment', 'development', '2025-05-15 04:41:19.564541', '2025-05-15 04:41:19.564546') RETURNING "key" /*application='DemoProjectTrang'*/[0m
Migrating to CreateMembers (20250515043328)
  [1m[36mTRANSACTION (0.2ms)[0m  [1m[35mBEGIN /*application='DemoProjectTrang'*/[0m
  [1m[35m (5.5ms)[0m  [1m[35mCREATE TABLE "members" ("id" bigserial primary key, "name" character varying(50) NOT NULL, "information" character varying(300), "phone_number" character varying(20) NOT NULL, "date_of_birth" date NOT NULL, "position" integer NOT NULL, "created_at" timestamp(6) NOT NULL, "updated_at" timestamp(6) NOT NULL) /*application='DemoProjectTrang'*/[0m
  [1m[36mActiveRecord::SchemaMigration Create (0.3ms)[0m  [1m[32mINSERT INTO "schema_migrations" ("version") VALUES ('20250515043328') RETURNING "version" /*application='DemoProjectTrang'*/[0m
  [1m[36mTRANSACTION (0.6ms)[0m  [1m[35mCOMMIT /*application='DemoProjectTrang'*/[0m
Migrating to CreateActiveStorageTables (20250515043434)
  [1m[36mTRANSACTION (0.1ms)[0m  [1m[35mBEGIN /*application='DemoProjectTrang'*/[0m
  [1m[35m (4.5ms)[0m  [1m[35mCREATE TABLE "active_storage_blobs" ("id" bigserial primary key, "key" character varying NOT NULL, "filename" character varying NOT NULL, "content_type" character varying, "metadata" text, "service_name" character varying NOT NULL, "byte_size" bigint NOT NULL, "checksum" character varying, "created_at" timestamp(6) NOT NULL) /*application='DemoProjectTrang'*/[0m
  [1m[35m (1.0ms)[0m  [1m[35mCREATE UNIQUE INDEX "index_active_storage_blobs_on_key" ON "active_storage_blobs" ("key") /*application='DemoProjectTrang'*/[0m
  [1m[35m (3.6ms)[0m  [1m[35mCREATE TABLE "active_storage_attachments" ("id" bigserial primary key, "name" character varying NOT NULL, "record_type" character varying NOT NULL, "record_id" bigint NOT NULL, "blob_id" bigint NOT NULL, "created_at" timestamp(6) NOT NULL, CONSTRAINT "fk_rails_c3b3935057"
FOREIGN KEY ("blob_id")
  REFERENCES "active_storage_blobs" ("id")
) /*application='DemoProjectTrang'*/[0m
  [1m[35m (0.8ms)[0m  [1m[35mCREATE INDEX "index_active_storage_attachments_on_blob_id" ON "active_storage_attachments" ("blob_id") /*application='DemoProjectTrang'*/[0m
  [1m[35m (0.8ms)[0m  [1m[35mCREATE UNIQUE INDEX "index_active_storage_attachments_uniqueness" ON "active_storage_attachments" ("record_type", "record_id", "name", "blob_id") /*application='DemoProjectTrang'*/[0m
  [1m[35m (3.8ms)[0m  [1m[35mCREATE TABLE "active_storage_variant_records" ("id" bigserial primary key, "blob_id" bigint NOT NULL, "variation_digest" character varying NOT NULL, CONSTRAINT "fk_rails_993965df05"
FOREIGN KEY ("blob_id")
  REFERENCES "active_storage_blobs" ("id")
) /*application='DemoProjectTrang'*/[0m
  [1m[35m (1.9ms)[0m  [1m[35mCREATE UNIQUE INDEX "index_active_storage_variant_records_uniqueness" ON "active_storage_variant_records" ("blob_id", "variation_digest") /*application='DemoProjectTrang'*/[0m
  [1m[36mActiveRecord::SchemaMigration Create (0.1ms)[0m  [1m[32mINSERT INTO "schema_migrations" ("version") VALUES ('20250515043434') RETURNING "version" /*application='DemoProjectTrang'*/[0m
  [1m[36mTRANSACTION (0.6ms)[0m  [1m[35mCOMMIT /*application='DemoProjectTrang'*/[0m
Migrating to CreateProjects (20250515043825)
  [1m[36mTRANSACTION (0.1ms)[0m  [1m[35mBEGIN /*application='DemoProjectTrang'*/[0m
  [1m[35m (3.1ms)[0m  [1m[35mCREATE TABLE "projects" ("id" bigserial primary key, "name" character varying NOT NULL, "information" character varying, "deadline" timestamp(6), "type" integer NOT NULL, "status" integer NOT NULL, "created_at" timestamp(6) NOT NULL, "updated_at" timestamp(6) NOT NULL) /*application='DemoProjectTrang'*/[0m
  [1m[36mActiveRecord::SchemaMigration Create (0.1ms)[0m  [1m[32mINSERT INTO "schema_migrations" ("version") VALUES ('20250515043825') RETURNING "version" /*application='DemoProjectTrang'*/[0m
  [1m[36mTRANSACTION (0.4ms)[0m  [1m[35mCOMMIT /*application='DemoProjectTrang'*/[0m
Migrating to CreateAssignments (20250515043945)
  [1m[36mTRANSACTION (0.1ms)[0m  [1m[35mBEGIN /*application='DemoProjectTrang'*/[0m
  [1m[35m (3.4ms)[0m  [1m[35mCREATE TABLE "assignments" ("id" bigserial primary key, "project_id" bigint NOT NULL, "member_id" bigint NOT NULL, "role" integer NOT NULL, "created_at" timestamp(6) NOT NULL, "updated_at" timestamp(6) NOT NULL, CONSTRAINT "fk_rails_4d3d2c839c"
FOREIGN KEY ("project_id")
  REFERENCES "projects" ("id")
, CONSTRAINT "fk_rails_9fe2faecd5"
FOREIGN KEY ("member_id")
  REFERENCES "members" ("id")
) /*application='DemoProjectTrang'*/[0m
  [1m[35m (1.4ms)[0m  [1m[35mCREATE INDEX "index_assignments_on_project_id" ON "assignments" ("project_id") /*application='DemoProjectTrang'*/[0m
  [1m[35m (1.3ms)[0m  [1m[35mCREATE INDEX "index_assignments_on_member_id" ON "assignments" ("member_id") /*application='DemoProjectTrang'*/[0m
  [1m[36mActiveRecord::SchemaMigration Create (0.3ms)[0m  [1m[32mINSERT INTO "schema_migrations" ("version") VALUES ('20250515043945') RETURNING "version" /*application='DemoProjectTrang'*/[0m
  [1m[36mTRANSACTION (0.6ms)[0m  [1m[35mCOMMIT /*application='DemoProjectTrang'*/[0m
  [1m[35m (0.2ms)[0m  [1m[34mSELECT pg_advisory_unlock(2820803448817413150) /*application='DemoProjectTrang'*/[0m
  [1m[36mActiveRecord::SchemaMigration Load (0.2ms)[0m  [1m[34mSELECT "schema_migrations"."version" FROM "schema_migrations" ORDER BY "schema_migrations"."version" ASC /*application='DemoProjectTrang'*/[0m
Started GET "/" for 127.0.0.1 at 2025-05-15 11:49:39 +0700
  [1m[36mActiveRecord::SchemaMigration Load (0.6ms)[0m  [1m[34mSELECT "schema_migrations"."version" FROM "schema_migrations" ORDER BY "schema_migrations"."version" ASC /*application='DemoProjectTrang'*/[0m
Processing by Rails::WelcomeController#index as HTML
  Rendering /home/trantuanhung/.rbenv/versions/3.2.0/lib/ruby/gems/3.2.0/gems/railties-8.0.2/lib/rails/templates/rails/welcome/index.html.erb
  Rendered /home/trantuanhung/.rbenv/versions/3.2.0/lib/ruby/gems/3.2.0/gems/railties-8.0.2/lib/rails/templates/rails/welcome/index.html.erb (Duration: 1.2ms | GC: 0.0ms)
Completed 200 OK in 16ms (Views: 2.9ms | ActiveRecord: 0.0ms (0 queries, 0 cached) | GC: 0.0ms)


  [1m[36mCACHE ActiveRecord::SchemaMigration Load (0.0ms)[0m  [1m[34mSELECT "schema_migrations"."version" FROM "schema_migrations" ORDER BY "schema_migrations"."version" ASC[0m
  [1m[35m (0.1ms)[0m  [1m[34mSELECT pg_try_advisory_lock(2820803448817413150) /*application='DemoProjectTrang'*/[0m
  [1m[36mActiveRecord::SchemaMigration Load (0.4ms)[0m  [1m[34mSELECT "schema_migrations"."version" FROM "schema_migrations" ORDER BY "schema_migrations"."version" ASC /*application='DemoProjectTrang'*/[0m
  [1m[36mActiveRecord::InternalMetadata Load (0.4ms)[0m  [1m[34mSELECT * FROM "ar_internal_metadata" WHERE "ar_internal_metadata"."key" = 'environment' ORDER BY "ar_internal_metadata"."key" ASC LIMIT 1 /*application='DemoProjectTrang'*/[0m
Migrating to DeviseCreateUsers (20250515051121)
  [1m[36mTRANSACTION (0.1ms)[0m  [1m[35mBEGIN /*application='DemoProjectTrang'*/[0m
  [1m[35m (18.8ms)[0m  [1m[35mCREATE TABLE "users" ("id" bigserial primary key, "email" character varying DEFAULT '' NOT NULL, "encrypted_password" character varying DEFAULT '' NOT NULL, "reset_password_token" character varying, "reset_password_sent_at" timestamp(6), "remember_created_at" timestamp(6), "created_at" timestamp(6) NOT NULL, "updated_at" timestamp(6) NOT NULL) /*application='DemoProjectTrang'*/[0m
  [1m[35m (2.0ms)[0m  [1m[35mCREATE UNIQUE INDEX "index_users_on_email" ON "users" ("email") /*application='DemoProjectTrang'*/[0m
  [1m[35m (1.7ms)[0m  [1m[35mCREATE UNIQUE INDEX "index_users_on_reset_password_token" ON "users" ("reset_password_token") /*application='DemoProjectTrang'*/[0m
  [1m[36mActiveRecord::SchemaMigration Create (0.6ms)[0m  [1m[32mINSERT INTO "schema_migrations" ("version") VALUES ('20250515051121') RETURNING "version" /*application='DemoProjectTrang'*/[0m
  [1m[36mTRANSACTION (1.1ms)[0m  [1m[35mCOMMIT /*application='DemoProjectTrang'*/[0m
  [1m[35m (0.3ms)[0m  [1m[34mSELECT pg_advisory_unlock(2820803448817413150) /*application='DemoProjectTrang'*/[0m
  [1m[36mActiveRecord::SchemaMigration Load (0.3ms)[0m  [1m[34mSELECT "schema_migrations"."version" FROM "schema_migrations" ORDER BY "schema_migrations"."version" ASC /*application='DemoProjectTrang'*/[0m
Started GET "/" for 127.0.0.1 at 2025-05-15 12:12:49 +0700
  
NoMethodError (undefined method `devise' for User:Class):
  
app/models/user.rb:4:in `<class:User>'
app/models/user.rb:1:in `<main>'
config/routes.rb:2:in `block in <main>'
config/routes.rb:1:in `<main>'
Started GET "/" for 127.0.0.1 at 2025-05-15 12:13:14 +0700
  [1m[36mActiveRecord::SchemaMigration Load (0.6ms)[0m  [1m[34mSELECT "schema_migrations"."version" FROM "schema_migrations" ORDER BY "schema_migrations"."version" ASC /*application='DemoProjectTrang'*/[0m
Processing by Devise::SessionsController#new as HTML
  Rendering layout layouts/application.html.erb
  Rendering devise/sessions/new.html.erb within layouts/application
  Rendered devise/shared/_links.html.erb (Duration: 1.0ms | GC: 0.3ms)
  Rendered devise/sessions/new.html.erb within layouts/application (Duration: 6.7ms | GC: 0.4ms)
  Rendered layouts/_rails_default.html.erb (Duration: 44.7ms | GC: 33.6ms)
  Rendered layouts/_header.html.erb (Duration: 1.2ms | GC: 0.2ms)
  Rendered layout layouts/application.html.erb (Duration: 58.8ms | GC: 37.3ms)
Completed 500 Internal Server Error in 107ms (ActiveRecord: 5.8ms (0 queries, 0 cached) | GC: 39.5ms)


  
ActionView::Template::Error (The asset 'logo.jpg' was not found in the load path.)
Caused by: Propshaft::MissingAssetError (The asset 'logo.jpg' was not found in the load path.)

Information for: ActionView::Template::Error (The asset 'logo.jpg' was not found in the load path.):
    1: <header class="fixed-top">
    2:   <nav id="navbar-example2" class="navbar bg-body-tertiary px-3">
    3:     <%= link_to "#", class:"navbar-brand d-flex align-items-center gap-2" do %>
    4:       <%= image_tag "logo.jpg", alt: "Logo", height: "60", class: "rounded-circle" %>
    5:       Training App
    6:     <% end %>
    7:     <div class="nav-item dropdown d-flex justify-content-between align-items-center">
  
app/views/layouts/_header.html.erb:4
app/views/layouts/_header.html.erb:3
app/views/layouts/application.html.erb:22

Information for cause: Propshaft::MissingAssetError (The asset 'logo.jpg' was not found in the load path.):
  
app/views/layouts/_header.html.erb:4
app/views/layouts/_header.html.erb:3
app/views/layouts/application.html.erb:22
Started GET "/" for 127.0.0.1 at 2025-05-15 12:13:43 +0700
Processing by Devise::SessionsController#new as HTML
  Rendering layout layouts/application.html.erb
  Rendering devise/sessions/new.html.erb within layouts/application
  Rendered devise/shared/_links.html.erb (Duration: 0.2ms | GC: 0.0ms)
  Rendered devise/sessions/new.html.erb within layouts/application (Duration: 1.6ms | GC: 0.0ms)
  Rendered layouts/_rails_default.html.erb (Duration: 7.7ms | GC: 0.0ms)
  Rendered layouts/_header.html.erb (Duration: 0.4ms | GC: 0.0ms)
  Rendered layouts/_sidebar.html.erb (Duration: 0.4ms | GC: 0.0ms)
  Rendered layout layouts/application.html.erb (Duration: 11.7ms | GC: 0.0ms)
Completed 200 OK in 25ms (Views: 12.3ms | ActiveRecord: 0.0ms (0 queries, 0 cached) | GC: 0.4ms)


Started GET "/assets/application-91a0e8eb.css" for 127.0.0.1 at 2025-05-15 12:13:43 +0700
Started GET "/assets/application-7d0c6059.js" for 127.0.0.1 at 2025-05-15 12:13:43 +0700
Started GET "/assets/bootstrap.bundle.min-eb9f3474.js" for 127.0.0.1 at 2025-05-15 12:13:43 +0700
Started GET "/" for 127.0.0.1 at 2025-05-15 12:14:47 +0700
Processing by Devise::SessionsController#new as HTML
  Rendering layout layouts/application.html.erb
  Rendering devise/sessions/new.html.erb within layouts/application
  Rendered devise/shared/_links.html.erb (Duration: 0.4ms | GC: 0.0ms)
  Rendered devise/sessions/new.html.erb within layouts/application (Duration: 1.9ms | GC: 0.1ms)
  Rendered layouts/_rails_default.html.erb (Duration: 0.3ms | GC: 0.0ms)
  Rendered layouts/_header.html.erb (Duration: 0.5ms | GC: 0.0ms)
  Rendered layouts/_sidebar.html.erb (Duration: 0.3ms | GC: 0.0ms)
  Rendered layout layouts/application.html.erb (Duration: 6.6ms | GC: 0.3ms)
Completed 200 OK in 24ms (Views: 7.8ms | ActiveRecord: 2.0ms (0 queries, 0 cached) | GC: 0.6ms)


